* [33m04c4b4a[m[33m ([m[1;36mHEAD[m[33m -> [m[1;32mmut[m[33m, [m[1;31mgithub/sol[m[33m, [m[1;31mgithub/HEAD[m[33m, [m[1;31mgitee/sol[m[33m, [m[1;31mgitee/HEAD[m[33m, [m[1;32msol[m[33m)[m -[???]
* [33mcddb3c2[m +(screenshot)
* [33md59b5d6[m =(dwm)
* [33m0e00a32[m =[.zshrc](push_system)
* [33ma605c8c[m =bugs
* [33mfc1abbf[m =[.zshrc](rename & test new function)
* [33ma0578ab[m +[.zshrc](system_push)
* [33m12efab3[m +[.gitconfig];=[.zshrc]
* [33m71fe085[m +comments[.zshrc]
* [33m3dd9693[m +cmd[.zshrc](gl)
* [33m82ac5b5[m =tags(dwm)
* [33m8b560d5[m +[README.md]{commit_rules}
* [33m0f891b1[m =typo(.zshrc)
* [33mc7909d7[m +git.log; +edit-command-line(zsh)(vicmd 'q')
*   [33mcd58d48[m Merge branch 'zsh_vim' into mut
[32m|[m[33m\[m  
[32m|[m * [33m2736d60[m  zsh vi-mode :)
* [33m|[m [33m4276c8a[m Revert " zsh-vim-mode :("
* [33m|[m [33mcfba16d[m  zsh-vim-mode :(
[33m|[m[33m/[m  
* [33m185221f[m config.def.
* [33me81b8d6[m first commit
